
AL5422@ALIPL2680 MINGW64 /d/git (master)
$ git add .

AL5422@ALIPL2680 MINGW64 /d/git (master)
$ git commit - m "a"
error: pathspec '-' did not match any file(s) known to git
error: pathspec 'm' did not match any file(s) known to git
error: pathspec 'a' did not match any file(s) known to git

AL5422@ALIPL2680 MINGW64 /d/git (master)
$ git commit -m "a"
[master d30d17c] a
 Committer: Abdul Khadar Kutagolla <AL5422@accionlabs.in>
Your name and email address were configured automatically based
on your username and hostname. Please check that they are accurate.
You can suppress this message by setting them explicitly. Run the
following command and follow the instructions in your editor to edit
your configuration file:

    git config --global --edit

After doing this, you may fix the identity used for this commit with:

    git commit --amend --reset-author

 1 file changed, 0 insertions(+), 0 deletions(-)
 create mode 100644 branch_p1

AL5422@ALIPL2680 MINGW64 /d/git (master)
$ touch branch_p2

AL5422@ALIPL2680 MINGW64 /d/git (master)
$ git status
On branch master
Your branch is ahead of 'origin/master' by 1 commit.
  (use "git push" to publish your local commits)

Untracked files:
  (use "git add <file>..." to include in what will be committed)
        branch_p2

nothing added to commit but untracked files present (use "git add" to track)

AL5422@ALIPL2680 MINGW64 /d/git (master)
$ git add .

AL5422@ALIPL2680 MINGW64 /d/git (master)
$ git commit -m "b"
[master 26226ef] b
 Committer: Abdul Khadar Kutagolla <AL5422@accionlabs.in>
Your name and email address were configured automatically based
on your username and hostname. Please check that they are accurate.
You can suppress this message by setting them explicitly. Run the
following command and follow the instructions in your editor to edit
your configuration file:

    git config --global --edit

After doing this, you may fix the identity used for this commit with:

    git commit --amend --reset-author

 1 file changed, 0 insertions(+), 0 deletions(-)
 create mode 100644 branch_p2

AL5422@ALIPL2680 MINGW64 /d/git (master)
$ git branchs
git: 'branchs' is not a git command. See 'git --help'.

The most similar command is
        branch

AL5422@ALIPL2680 MINGW64 /d/git (master)
$ git branch
  feature_inprogress_branch
* master

AL5422@ALIPL2680 MINGW64 /d/git (master)
$ git checkout test_branch
error: pathspec 'test_branch' did not match any file(s) known to git

AL5422@ALIPL2680 MINGW64 /d/git (master)
$ git branch test_branch

AL5422@ALIPL2680 MINGW64 /d/git (master)
$ git branch
  feature_inprogress_branch
* master
  test_branch

AL5422@ALIPL2680 MINGW64 /d/git (master)
$ git checkout test_branch
Switched to branch 'test_branch'

AL5422@ALIPL2680 MINGW64 /d/git (test_branch)
$ touch testbranch_p3

AL5422@ALIPL2680 MINGW64 /d/git (test_branch)
$ git add .

AL5422@ALIPL2680 MINGW64 /d/git (test_branch)
$ git commit -m "c"
[test_branch 0ecd53f] c
 Committer: Abdul Khadar Kutagolla <AL5422@accionlabs.in>
Your name and email address were configured automatically based
on your username and hostname. Please check that they are accurate.
You can suppress this message by setting them explicitly. Run the
following command and follow the instructions in your editor to edit
your configuration file:

    git config --global --edit

After doing this, you may fix the identity used for this commit with:

    git commit --amend --reset-author

 1 file changed, 0 insertions(+), 0 deletions(-)
 create mode 100644 testbranch_p3

AL5422@ALIPL2680 MINGW64 /d/git (test_branch)
$ git log --oneline
0ecd53f (HEAD -> test_branch) c
26226ef (master) b
d30d17c a
6ec5383 (origin/master) git and github practiced notes
baa2331 devops learning documentations
c9977c8 (feature_inprogress_branch) new branch
fd3b23f files
1f4eb20 4th
124782d 3rd
f756a49 added few more commands
6851b53 basic git commands

AL5422@ALIPL2680 MINGW64 /d/git (test_branch)
$ touch testbranch_p4

AL5422@ALIPL2680 MINGW64 /d/git (test_branch)
$ git add .

AL5422@ALIPL2680 MINGW64 /d/git (test_branch)
$ git commit -m "d"
[test_branch bfa353e] d
 Committer: Abdul Khadar Kutagolla <AL5422@accionlabs.in>
Your name and email address were configured automatically based
on your username and hostname. Please check that they are accurate.
You can suppress this message by setting them explicitly. Run the
following command and follow the instructions in your editor to edit
your configuration file:

    git config --global --edit

After doing this, you may fix the identity used for this commit with:

    git commit --amend --reset-author

 1 file changed, 0 insertions(+), 0 deletions(-)
 create mode 100644 testbranch_p4

AL5422@ALIPL2680 MINGW64 /d/git (test_branch)
$ touch testbranch_p5

AL5422@ALIPL2680 MINGW64 /d/git (test_branch)
$ git add .

AL5422@ALIPL2680 MINGW64 /d/git (test_branch)
$ git commit -m "e"
[test_branch 06a6272] e
 Committer: Abdul Khadar Kutagolla <AL5422@accionlabs.in>
Your name and email address were configured automatically based
on your username and hostname. Please check that they are accurate.
You can suppress this message by setting them explicitly. Run the
following command and follow the instructions in your editor to edit
your configuration file:

    git config --global --edit

After doing this, you may fix the identity used for this commit with:

    git commit --amend --reset-author

 1 file changed, 0 insertions(+), 0 deletions(-)
 create mode 100644 testbranch_p5

AL5422@ALIPL2680 MINGW64 /d/git (test_branch)
$ git log --oneline
06a6272 (HEAD -> test_branch) e
bfa353e d
0ecd53f c
26226ef (master) b
d30d17c a
6ec5383 (origin/master) git and github practiced notes
baa2331 devops learning documentations
c9977c8 (feature_inprogress_branch) new branch
fd3b23f files
1f4eb20 4th
124782d 3rd
f756a49 added few more commands
6851b53 basic git commands

AL5422@ALIPL2680 MINGW64 /d/git (test_branch)
$ git checkout master
Switched to branch 'master'
Your branch is ahead of 'origin/master' by 2 commits.
  (use "git push" to publish your local commits)

AL5422@ALIPL2680 MINGW64 /d/git (master)
$ touch branch_p6

AL5422@ALIPL2680 MINGW64 /d/git (master)
$ git add .

AL5422@ALIPL2680 MINGW64 /d/git (master)
$ git commit -m "f"
[master f9c6e99] f
 Committer: Abdul Khadar Kutagolla <AL5422@accionlabs.in>
Your name and email address were configured automatically based
on your username and hostname. Please check that they are accurate.
You can suppress this message by setting them explicitly. Run the
following command and follow the instructions in your editor to edit
your configuration file:

    git config --global --edit

After doing this, you may fix the identity used for this commit with:

    git commit --amend --reset-author

 1 file changed, 0 insertions(+), 0 deletions(-)
 create mode 100644 branch_p6

AL5422@ALIPL2680 MINGW64 /d/git (master)
$ git log --online
fatal: unrecognized argument: --online

AL5422@ALIPL2680 MINGW64 /d/git (master)
$ git log --oneline
f9c6e99 (HEAD -> master) f
26226ef b
d30d17c a
6ec5383 (origin/master) git and github practiced notes
baa2331 devops learning documentations
c9977c8 (feature_inprogress_branch) new branch
fd3b23f files
1f4eb20 4th
124782d 3rd
f756a49 added few more commands
6851b53 basic git commands

AL5422@ALIPL2680 MINGW64 /d/git (master)



AL5422@ALIPL2680 MINGW64 /d/git (master)
$ git branch
  feature_inprogress_branch
* master
  test_branch

AL5422@ALIPL2680 MINGW64 /d/git (master)
$ git checkout test_branch
Switched to branch 'test_branch'

AL5422@ALIPL2680 MINGW64 /d/git (test_branch)
$ git log --oneline
06a6272 (HEAD -> test_branch) e
bfa353e d
0ecd53f c
26226ef b
d30d17c a
6ec5383 (origin/master) git and github practiced notes
baa2331 devops learning documentations
c9977c8 (feature_inprogress_branch) new branch
fd3b23f files
1f4eb20 4th
124782d 3rd
f756a49 added few more commands
6851b53 basic git commands

AL5422@ALIPL2680 MINGW64 /d/git (test_branch)
$ git checkout master
Switched to branch 'master'
Your branch is ahead of 'origin/master' by 3 commits.
  (use "git push" to publish your local commits)

AL5422@ALIPL2680 MINGW64 /d/git (master)
$ git checkout test_branch
Switched to branch 'test_branch'

AL5422@ALIPL2680 MINGW64 /d/git (test_branch)
$ git push -u origin test_branch
Enumerating objects: 11, done.
Counting objects: 100% (11/11), done.
Delta compression using up to 8 threads
Compressing objects: 100% (10/10), done.
Writing objects: 100% (10/10), 973 bytes | 162.00 KiB/s, done.
Total 10 (delta 5), reused 0 (delta 0), pack-reused 0
remote: Resolving deltas: 100% (5/5), completed with 1 local object.
remote:
remote: Create a pull request for 'test_branch' on GitHub by visiting:
remote:      https://github.com/Abdul7777K/Devops_Training/pull/new/test_branch
remote:
To https://github.com/Abdul7777K/Devops_Training.git
 * [new branch]      test_branch -> test_branch
branch 'test_branch' set up to track 'origin/test_branch'.

AL5422@ALIPL2680 MINGW64 /d/git (test_branch)
$ git log --oneline
06a6272 (HEAD -> test_branch, origin/test_branch) e
bfa353e d
0ecd53f c
26226ef b
d30d17c a
6ec5383 (origin/master) git and github practiced notes
baa2331 devops learning documentations
c9977c8 (feature_inprogress_branch) new branch
fd3b23f files
1f4eb20 4th
124782d 3rd
f756a49 added few more commands
6851b53 basic git commands

AL5422@ALIPL2680 MINGW64 /d/git (test_branch)
$ git checkout master
Switched to branch 'master'
Your branch is ahead of 'origin/master' by 3 commits.
  (use "git push" to publish your local commits)

AL5422@ALIPL2680 MINGW64 /d/git (master)
$ git merge test_branch
Merge made by the 'ort' strategy.
 testbranch_p3 | 0
 testbranch_p4 | 0
 testbranch_p5 | 0
 3 files changed, 0 insertions(+), 0 deletions(-)
 create mode 100644 testbranch_p3
 create mode 100644 testbranch_p4
 create mode 100644 testbranch_p5

AL5422@ALIPL2680 MINGW64 /d/git (master)
$ git log --oneline
6af93dd (HEAD -> master) Merge branch 'test_branch'
f9c6e99 f
06a6272 (origin/test_branch, test_branch) e
bfa353e d
0ecd53f c
26226ef b
d30d17c a
6ec5383 (origin/master) git and github practiced notes
baa2331 devops learning documentations
c9977c8 (feature_inprogress_branch) new branch
fd3b23f files
1f4eb20 4th
124782d 3rd
f756a49 added few more commands
6851b53 basic git commands

AL5422@ALIPL2680 MINGW64 /d/git (master)
$ git push
Enumerating objects: 6, done.
Counting objects: 100% (6/6), done.
Delta compression using up to 8 threads
Compressing objects: 100% (4/4), done.
Writing objects: 100% (4/4), 468 bytes | 468.00 KiB/s, done.
Total 4 (delta 2), reused 0 (delta 0), pack-reused 0
remote: Resolving deltas: 100% (2/2), completed with 1 local object.
To https://github.com/Abdul7777K/Devops_Training.git
   6ec5383..6af93dd  master -> master

AL5422@ALIPL2680 MINGW64 /d/git (master)
$


AL5422@ALIPL2680 MINGW64 /d/git (master)
$ git log --oneline
6af93dd (HEAD -> master, origin/master) Merge branch 'test_branch'
f9c6e99 f
06a6272 (origin/test_branch, test_branch) e
bfa353e d
0ecd53f c
26226ef b
d30d17c a
6ec5383 git and github practiced notes
baa2331 devops learning documentations
c9977c8 (feature_inprogress_branch) new branch
fd3b23f files
1f4eb20 4th
124782d 3rd
f756a49 added few more commands
6851b53 basic git commands

rebase  -------------------------------------------->
AL5422@ALIPL2680 MINGW64 /d/git (master)
$ git rebase
Current branch master is up to date.

AL5422@ALIPL2680 MINGW64 /d/git (master)
$ git checkout test_branch
Switched to branch 'test_branch'
Your branch is up to date with 'origin/test_branch'.

AL5422@ALIPL2680 MINGW64 /d/git (test_branch)
$ git rebase
Current branch test_branch is up to date.

AL5422@ALIPL2680 MINGW64 /d/git (test_branch)

AL5422@ALIPL2680 MINGW64 /d/git (test_branch)
$ git branch test_2

AL5422@ALIPL2680 MINGW64 /d/git (test_branch)
$ touch test9

AL5422@ALIPL2680 MINGW64 /d/git (test_branch)
$ git add .

AL5422@ALIPL2680 MINGW64 /d/git (test_branch)
$ git commit -m "test branch"
[test_branch 2032e67] test branch
 Committer: Abdul Khadar Kutagolla <AL5422@accionlabs.in>
Your name and email address were configured automatically based
on your username and hostname. Please check that they are accurate.
You can suppress this message by setting them explicitly. Run the
following command and follow the instructions in your editor to edit
your configuration file:

    git config --global --edit

After doing this, you may fix the identity used for this commit with:

    git commit --amend --reset-author

 1 file changed, 0 insertions(+), 0 deletions(-)
 create mode 100644 test9

AL5422@ALIPL2680 MINGW64 /d/git (test_branch)
$ git rebase
Current branch test_branch is up to date.

AL5422@ALIPL2680 MINGW64 /d/git (test_branch)
$ git checkout master
Switched to branch 'master'
Your branch is up to date with 'origin/master'.

AL5422@ALIPL2680 MINGW64 /d/git (master)
$ git log --oneline
6af93dd (HEAD -> master, origin/master) Merge branch 'test_branch'
f9c6e99 f
06a6272 (origin/test_branch, test_2) e
bfa353e d
0ecd53f c
26226ef b
d30d17c a
6ec5383 git and github practiced notes
baa2331 devops learning documentations
c9977c8 (feature_inprogress_branch) new branch
fd3b23f files
1f4eb20 4th
124782d 3rd
f756a49 added few more commands
6851b53 basic git commands

AL5422@ALIPL2680 MINGW64 /d/git (master)
$ git rebase master test_2
Successfully rebased and updated refs/heads/test_2.

AL5422@ALIPL2680 MINGW64 /d/git (test_2)
$ git log --oneline
6af93dd (HEAD -> test_2, origin/master, master) Merge branch 'test_branch'
f9c6e99 f
06a6272 (origin/test_branch) e
bfa353e d
0ecd53f c
26226ef b
d30d17c a
6ec5383 git and github practiced notes
baa2331 devops learning documentations
c9977c8 (feature_inprogress_branch) new branch
fd3b23f files
1f4eb20 4th
124782d 3rd
f756a49 added few more commands
6851b53 basic git commands


